2025-11-16 22:25:52,514 - INFO - Данные успешно загружены. Размер: (6362620, 11)
2025-11-16 22:25:54,685 - INFO - 
Отчет о классификации:
2025-11-16 22:25:54,689 - INFO -               precision    recall  f1-score   support

           0       1.00      1.00      1.00      4926
           1       1.00      1.00      1.00      2466

    accuracy                           1.00      7392
   macro avg       1.00      1.00      1.00      7392
weighted avg       1.00      1.00      1.00      7392

2025-11-16 22:25:54,689 - INFO - 
Матрица ошибок:
2025-11-16 22:25:54,690 - INFO - [[4926    0]
 [   9 2457]]
2025-11-16 22:25:54,693 - INFO - 
ROC-AUC: 0.9998
2025-11-16 22:25:54,731 - INFO - Модель сохранена в C:\Users\Honor\Desktop\FraudDetection\models\model.joblib
2025-11-16 22:25:57,651 - INFO - Using categorical units to plot a list of strings that are all parsable as floats or dates. If these strings should be plotted as numbers, cast to the appropriate data type before plotting.
2025-11-16 22:25:58,951 - INFO - Using categorical units to plot a list of strings that are all parsable as floats or dates. If these strings should be plotted as numbers, cast to the appropriate data type before plotting.
2025-11-16 22:26:02,617 - INFO - Using categorical units to plot a list of strings that are all parsable as floats or dates. If these strings should be plotted as numbers, cast to the appropriate data type before plotting.
2025-11-16 22:26:04,049 - INFO - Using categorical units to plot a list of strings that are all parsable as floats or dates. If these strings should be plotted as numbers, cast to the appropriate data type before plotting.
2025-11-16 22:26:04,931 - INFO - Визуализации сохранены в C:\Users\Honor\Desktop\FraudDetection\visualizations
2025-11-16 22:26:04,954 - INFO - 
Обычная дневная транзакция:
2025-11-16 22:26:04,954 - INFO - Вероятность мошенничества: 2.52%
2025-11-16 22:26:04,954 - INFO - Уровень риска: Низкий
2025-11-16 22:26:04,974 - INFO - 
Подозрительная ночная транзакция:
2025-11-16 22:26:04,974 - INFO - Вероятность мошенничества: 57.91%
2025-11-16 22:26:04,975 - INFO - Уровень риска: Средний
